// Jest Snapshot v1, https://goo.gl/fbAQLP

exports[`App snapshot 1`] = `
<DocumentFragment>
  <div>
    hello
  </div>
</DocumentFragment>
`;
